---
source: crates/ark/src/lsp/diagnostics_syntax.rs
expression: diagnostic.message
---
Unmatched closing delimiter. Missing an opening '['.
