---
source: crates/ark/src/lsp/diagnostics_syntax.rs
expression: diagnostic.message
---
Syntax error. Starts here and ends on line 21.
