---
source: crates/ark/src/lsp/diagnostics_syntax.rs
expression: diagnostic.message
---
Unmatched opening delimiter. Missing a closing ')'.
