---
source: crates/ark/src/lsp/folding_range.rs
expression: "test_folding_range(\"\nfunction() { a }\n\nfunction() {\n  b\n}\")"
---
[
    FoldingRange {
        start_line: 3,
        start_character: Some(
            12,
        ),
        end_line: 4,
        end_character: None,
        kind: Some(
            Region,
        ),
        collapsed_text: None,
    },
]
