---
source: crates/ark/src/lsp/diagnostics_syntax.rs
expression: diagnostic.message
---
Syntax error
