---
source: crates/ark/src/lsp/diagnostics.rs
expression: diagnostic.message
---
Unmatched closing delimiter. Missing an opening '{'.
