---
source: crates/ark/src/lsp/folding_range.rs
expression: "test_folding_range(\"\n# Level 1 ----\ncode at level 1\n\n## Level 2 ----\ncode at level 2\n\n### Level 3 ----\ncode at level 3\n\n## Another Level 2 ----\nback to level 2\n\n# Back to Level 1 ----\nback to level 1\")"
---
[
    FoldingRange {
        start_line: 1,
        start_character: None,
        end_line: 11,
        end_character: None,
        kind: Some(
            Region,
        ),
        collapsed_text: None,
    },
    FoldingRange {
        start_line: 4,
        start_character: None,
        end_line: 8,
        end_character: None,
        kind: Some(
            Region,
        ),
        collapsed_text: None,
    },
    FoldingRange {
        start_line: 7,
        start_character: None,
        end_line: 8,
        end_character: None,
        kind: Some(
            Region,
        ),
        collapsed_text: None,
    },
    FoldingRange {
        start_line: 10,
        start_character: None,
        end_line: 11,
        end_character: None,
        kind: Some(
            Region,
        ),
        collapsed_text: None,
    },
    FoldingRange {
        start_line: 13,
        start_character: None,
        end_line: 13,
        end_character: None,
        kind: Some(
            Region,
        ),
        collapsed_text: None,
    },
]
