---
source: crates/ark/src/lsp/diagnostics.rs
expression: diagnostic.message
---
No symbol named 'x' in scope.
