---
source: crates/ark/src/lsp/diagnostics.rs
expression: diagnostic.message
---
Invalid namespace operator '::'. Missing a right hand side.
