---
source: crates/ark/src/lsp/folding_range.rs
expression: "format!(\"Expected error: {}\", e)"
---
"Expected error: Parse error"
