---
source: crates/ark/src/lsp/diagnostics.rs
expression: diagnostic.message
---
Expected ',' between expressions.
