---
source: crates/ark/src/lsp/folding_range.rs
expression: "test_folding_range(\"\n# Empty section ----\n\n# Another empty section ----\n\n# Section with content ----\nThis one has content\")"
---
[
    FoldingRange {
        start_line: 1,
        start_character: None,
        end_line: 1,
        end_character: None,
        kind: Some(
            Region,
        ),
        collapsed_text: None,
    },
    FoldingRange {
        start_line: 3,
        start_character: None,
        end_line: 3,
        end_character: None,
        kind: Some(
            Region,
        ),
        collapsed_text: None,
    },
    FoldingRange {
        start_line: 5,
        start_character: None,
        end_line: 5,
        end_character: None,
        kind: Some(
            Region,
        ),
        collapsed_text: None,
    },
]
