---
source: crates/ark/src/lsp/diagnostics.rs
expression: diagnostic.message
---
No symbol named 'cherry' in scope.
