---
source: crates/ark/src/lsp/code_action/roxygen.rs
expression: new_text
---
#' Title
    #'
    #' @param ...
    #'
    #' @returns
    #'
    #' @export
    #' @examples
